â•­â”€â”€â”€â”€â”€â”€â”€â”€â”€â”€â”€â”€â”€â”€â”€â”€â”€â”€â”€â”€â”€â”€â”€â”€â”€â”€â”€â”€â”€â”€â”€â”€â”€â”€â”€â”€â”€â”€â”€â”€â”€â”€â”€â”€â”€â”€â”€â”€â”€â”€â”€â”€â”€â”€â”€â”€â”€â”€â•®
â”‚ â€¦h_a_very_long_name_to_trigger_ellipsis_in_the_output.go â”œ
â•°â”€â”€â”€â”€â”€â”€â”€â”€â”€â”€â”€â”€â”€â”€â”€â”€â”€â”€â”€â”€â”€â”€â”€â”€â”€â”€â”€â”€â”€â”€â”€â”€â”€â”€â”€â”€â”€â”€â”€â”€â”€â”€â”€â”€â”€â”€â”€â”€â”€â”€â”€â”€â”€â”€â”€â”€â”€â”€â•¯
  [2;38;2;80;80;80m9[0m[38;2;80;80;80mâ”‚[0m [38;2;255;0;0m}[0m
 [2;38;2;80;80;80m10[0m[38;2;80;80;80mâ”‚[0m [38;2;127;127;127m[0m
 [2;38;2;80;80;80m11[0m[38;2;80;80;80mâ”‚[0m [38;2;127;127;127mfunc SecondCovered() string [0m[38;2;0;255;0m{[0m
 [2;38;2;80;80;80m12[0m[38;2;80;80;80mâ”‚[0m [38;2;0;255;0m    switch true {[0m
 [2;38;2;80;80;80m13[0m[38;2;80;80;80mâ”‚[0m [38;2;127;127;127m    default:[0m[38;2;0;255;0m[0m
 [2;38;2;80;80;80m14[0m[38;2;80;80;80mâ”‚[0m [38;2;127;127;127m    }[0m
 [2;38;2;80;80;80m15[0m[38;2;80;80;80mâ”‚[0m [38;2;127;127;127m[0m
 [2;38;2;80;80;80m16[0m[38;2;80;80;80mâ”‚[0m [38;2;127;127;127m    [0m[38;2;0;255;0mreturn "covered"[0m
 [2;38;2;80;80;80m17[0m[38;2;80;80;80mâ”‚[0m [38;2;127;127;127m}[0m
 [2;38;2;80;80;80m18[0m[38;2;80;80;80mâ”‚[0m [38;2;127;127;127m[0m
 [2;38;2;80;80;80m19[0m[38;2;80;80;80mâ”‚[0m [38;2;127;127;127mtype useless struct{}[0m

                                                    â•­â”€â”€â”€â”€â”€â”€â•®
â”€â”€â”€â”€â”€â”€â”€â”€â”€â”€â”€â”€â”€â”€â”€â”€â”€â”€â”€â”€â”€â”€â”€â”€â”€â”€â”€â”€â”€â”€â”€â”€â”€â”€â”€â”€â”€â”€â”€â”€â”€â”€â”€â”€â”€â”€â”€â”€â”€â”€â”€â”€â”¤ 100% â”‚
                                                    â•°â”€â”€â”€â”€â”€â”€â•¯
    [38;2;97;97;97mâ†‘/k[0m [38;2;73;73;73mup[0m[38;2;60;60;60m â€¢ [0m[38;2;97;97;97mâ†“/j[0m [38;2;73;73;73mdown[0m[38;2;60;60;60m â€¢ [0m[38;2;97;97;97mg/home[0m [38;2;73;73;73mtop[0m[38;2;60;60;60m â€¢ [0m[38;2;97;97;97mG/end[0m [38;2;73;73;73mbottom[0m[38;2;60;60;60m â€¢ [0m[38;2;97;97;97mesc[0m [38;2;73;73;73mback[0m
                                                            