â•­â”€â”€â”€â”€â”€â”€â”€â”€â”€â”€â”€â”€â•®                                              
â”‚ covered.go â”œâ”€â”€â”€â”€â”€â”€â”€â”€â”€â”€â”€â”€â”€â”€â”€â”€â”€â”€â”€â”€â”€â”€â”€â”€â”€â”€â”€â”€â”€â”€â”€â”€â”€â”€â”€â”€â”€â”€â”€â”€â”€â”€â”€â”€â”€â”€
â•°â”€â”€â”€â”€â”€â”€â”€â”€â”€â”€â”€â”€â•¯                                              
                                                            
[38;2;80;80;80mâ”€â”€â”€â”€â”€â”€â”€â”€â”€â”€â”€â”€â”€â”€â”€â”€â”€â”€â”€â”€â”€â”€â”€â”€â”€â”€â”€â”€â”€â”€â”€â”€â”€â”€â”€â”€â”€â”€â”€â”€â”€â”€â”€â”€â”€â”€â”€â”€â”€â”€â”€â”€â”€â”€â”€â”€â”€â”€â”€â”€[0m
                                                            
[38;2;127;127;127m  [0m [2;38;2;80;80;80m3[0m[38;2;80;80;80mâ”‚[0m [38;2;127;127;127mfunc Full() string [0m[38;2;0;255;0m{[0m
[38;2;0;255;0m+ [0m [2;38;2;80;80;80m4[0m[38;2;80;80;80mâ”‚[0m [38;2;0;255;0m    return "full" // this line should be wide to make â€¦[0m
[38;2;127;127;127m  [0m [2;38;2;80;80;80m5[0m[38;2;80;80;80mâ”‚[0m [38;2;0;255;0m}[0m






                                                    â•­â”€â”€â”€â”€â”€â”€â•®
â”€â”€â”€â”€â”€â”€â”€â”€â”€â”€â”€â”€â”€â”€â”€â”€â”€â”€â”€â”€â”€â”€â”€â”€â”€â”€â”€â”€â”€â”€â”€â”€â”€â”€â”€â”€â”€â”€â”€â”€â”€â”€â”€â”€â”€â”€â”€â”€â”€â”€â”€â”€â”¤ 100% â”‚
                                                    â•°â”€â”€â”€â”€â”€â”€â•¯
    [38;2;97;97;97mâ†‘/k[0m [38;2;73;73;73mup[0m[38;2;60;60;60m â€¢ [0m[38;2;97;97;97mâ†“/j[0m [38;2;73;73;73mdown[0m[38;2;60;60;60m â€¢ [0m[38;2;97;97;97mg/home[0m [38;2;73;73;73mtop[0m[38;2;60;60;60m â€¢ [0m[38;2;97;97;97mG/end[0m [38;2;73;73;73mbottom[0m[38;2;60;60;60m â€¢ [0m[38;2;97;97;97mesc[0m [38;2;73;73;73mback[0m
                                                            