â•­â”€â”€â”€â”€â”€â”€â”€â”€â”€â”€â”€â”€â”€â”€â”€â”€â”€â”€â”€â”€â”€â”€â”€â”€â”€â”€â”€â”€â”€â”€â”€â”€â”€â”€â”€â”€â”€â”€â”€â”€â”€â”€â”€â”€â”€â”€â”€â”€â”€â”€â”€â”€â”€â”€â”€â”€â”€â”€â•®
â”‚ â€¦h_a_very_long_name_to_trigger_ellipsis_in_the_output.go â”œ
â•°â”€â”€â”€â”€â”€â”€â”€â”€â”€â”€â”€â”€â”€â”€â”€â”€â”€â”€â”€â”€â”€â”€â”€â”€â”€â”€â”€â”€â”€â”€â”€â”€â”€â”€â”€â”€â”€â”€â”€â”€â”€â”€â”€â”€â”€â”€â”€â”€â”€â”€â”€â”€â”€â”€â”€â”€â”€â”€â•¯
  [2;38;2;80;80;80m1[0m[38;2;80;80;80mâ”‚[0m [38;2;80;80;80mpackage general[0m
  [2;38;2;80;80;80m2[0m[38;2;80;80;80mâ”‚[0m [38;2;80;80;80m[0m
  [2;38;2;80;80;80m3[0m[38;2;80;80;80mâ”‚[0m [38;2;80;80;80mfunc Covered() string [0m[38;2;0;255;0m{[0m
  [2;38;2;80;80;80m4[0m[38;2;80;80;80mâ”‚[0m [38;2;0;255;0m    return "covered"[0m
  [2;38;2;80;80;80m5[0m[38;2;80;80;80mâ”‚[0m [38;2;0;255;0m}[0m
  [2;38;2;80;80;80m6[0m[38;2;80;80;80mâ”‚[0m [38;2;80;80;80m[0m
  [2;38;2;80;80;80m7[0m[38;2;80;80;80mâ”‚[0m [38;2;80;80;80mfunc NotCovered() string [0m[38;2;255;0;0m{[0m
  [2;38;2;80;80;80m8[0m[38;2;80;80;80mâ”‚[0m [38;2;255;0;0m    return "not covered"[0m
  [2;38;2;80;80;80m9[0m[38;2;80;80;80mâ”‚[0m [38;2;255;0;0m}[0m
 [2;38;2;80;80;80m10[0m[38;2;80;80;80mâ”‚[0m [38;2;80;80;80m[0m
 [2;38;2;80;80;80m11[0m[38;2;80;80;80mâ”‚[0m [38;2;80;80;80mfunc SecondCovered() string [0m[38;2;0;255;0m{[0m
 [2;38;2;80;80;80m12[0m[38;2;80;80;80mâ”‚[0m [38;2;0;255;0m    switch true {[0m
                                                    â•­â”€â”€â”€â”€â”€â”€â•®
â”€â”€â”€â”€â”€â”€â”€â”€â”€â”€â”€â”€â”€â”€â”€â”€â”€â”€â”€â”€â”€â”€â”€â”€â”€â”€â”€â”€â”€â”€â”€â”€â”€â”€â”€â”€â”€â”€â”€â”€â”€â”€â”€â”€â”€â”€â”€â”€â”€â”€â”€â”€â”¤   0% â”‚
                                                    â•°â”€â”€â”€â”€â”€â”€â•¯
    [38;2;97;97;97mâ†‘/k[0m [38;2;73;73;73mup[0m[38;2;60;60;60m â€¢ [0m[38;2;97;97;97mâ†“/j[0m [38;2;73;73;73mdown[0m[38;2;60;60;60m â€¢ [0m[38;2;97;97;97mg/home[0m [38;2;73;73;73mtop[0m[38;2;60;60;60m â€¢ [0m[38;2;97;97;97mG/end[0m [38;2;73;73;73mbottom[0m[38;2;60;60;60m â€¢ [0m[38;2;97;97;97mesc[0m [38;2;73;73;73mback[0m
                                                            