                                                                      
    Available files:                                                  
                                                                      
    [38;2;80;80;80m2 items[0m                                                           
    covered.go                                                        
  [38;2;0;255;0m> partial_with_a_very_long_name_to_trigger_ellipsis_in_the_output.go[0m
                                                                      
                                                                      
                                                                      
                                                                      
                                                                      
                                                                      
                                                                      
                                                                      
    [38;2;97;97;97mâ†‘/k[0m   [38;2;97;97;97m [0m[38;2;73;73;73mup[0m         [38;2;60;60;60m    [0m[38;2;97;97;97m/[0m[38;2;97;97;97m [0m[38;2;73;73;73mfilter[0m[38;2;60;60;60m    [0m[38;2;97;97;97mq[0m[38;2;97;97;97m [0m[38;2;73;73;73mquit[0m      [38;2;60;60;60m    [0m                
    [38;2;97;97;97mâ†“/j[0m    [38;2;73;73;73mdown[0m                       [38;2;97;97;97m?[0m [38;2;73;73;73mclose help[0m                    
    [38;2;97;97;97mg/home[0m [38;2;73;73;73mgo to start[0m                                                
    [38;2;97;97;97mG/end[0m  [38;2;73;73;73mgo to end[0m                                                  
                                                                      